Archive member included because of file (symbol)

c:/winavr-20100110/bin/../lib/gcc/avr/4.3.3/avr5\libgcc.a(_exit.o)
                              c:/winavr-20100110/bin/../lib/gcc/avr/4.3.3/../../../../avr/lib/avr5/crtm328p.o (exit)
c:/winavr-20100110/bin/../lib/gcc/avr/4.3.3/avr5\libgcc.a(_copy_data.o)
                              Out/uip_arp.o (__do_copy_data)
c:/winavr-20100110/bin/../lib/gcc/avr/4.3.3/avr5\libgcc.a(_clear_bss.o)
                              Out/EthLocBuffer.o (__do_clear_bss)
c:/winavr-20100110/bin/../lib/gcc/avr/4.3.3/../../../../avr/lib/avr5\libc.a(memcpy.o)
                              Out/EthLocBuffer.o (memcpy)
c:/winavr-20100110/bin/../lib/gcc/avr/4.3.3/../../../../avr/lib/avr5\libc.a(memset.o)
                              Out/uip_arp.o (memset)
c:/winavr-20100110/bin/../lib/gcc/avr/4.3.3/../../../../avr/lib/avr5\libc.a(eerd_byte_atmega328p.o)
                              Out/UserIo.o (__eerd_byte_m328p)

Allocating common symbols
Common symbol       size              file

lnTxSuccess         0x1               Out/ln_sw_uart.o
lnTxIndex           0x1               Out/ln_sw_uart.o
lnTxLength          0x1               Out/ln_sw_uart.o
uip_len             0x2               Out/uip.o
TcpIpUipTimerCounter
                    0x1               Out/TcpIp.o
uip_sappdata        0x2               Out/uip.o
uip_acc32           0x4               Out/uip.o
NextPacketPtr       0x2               Out/enc28j60.o
uip_flags           0x1               Out/uip.o
UserIoLedStat       0x6               Out/UserIo.o
lnCurrentByte       0x1               Out/ln_sw_uart.o
lnCompareTarget     0x2               Out/ln_sw_uart.o
uip_appdata         0x2               Out/uip.o
uip_conn            0x2               Out/uip.o
lnRxBuffer          0x2               Out/ln_sw_uart.o
uip_conns           0x1d              Out/uip.o
uip_arp_netmask     0x4               Out/uip.o
lnState             0x1               Out/ln_sw_uart.o
Enc28j60Bank        0x1               Out/enc28j60.o
uip_listenports     0x6               Out/uip.o
TcpIpUipArpTimerCounter
                    0x2               Out/TcpIp.o
lnBitCount          0x1               Out/ln_sw_uart.o
lnTxData            0x2               Out/ln_sw_uart.o
uip_hostaddr        0x4               Out/uip.o
uip_arp_draddr      0x4               Out/uip.o
uip_buf             0xca              Out/uip.o
uip_slen            0x2               Out/uip.o

Memory Configuration

Name             Origin             Length             Attributes
text             0x00000000         0x00020000         xr
data             0x00800060         0x0000ffa0         rw !x
eeprom           0x00810000         0x00010000         rw !x
fuse             0x00820000         0x00000400         rw !x
lock             0x00830000         0x00000400         rw !x
signature        0x00840000         0x00000400         rw !x
*default*        0x00000000         0xffffffff

Linker script and memory map

Address of section .data set to 0x800100
LOAD c:/winavr-20100110/bin/../lib/gcc/avr/4.3.3/../../../../avr/lib/avr5/crtm328p.o
LOAD Out/Main.o
LOAD Out/EthLocBuffer.o
LOAD Out/enc28j60.o
LOAD Out/uip.o
LOAD Out/uip_arch.o
LOAD Out/uip_arp.o
LOAD Out/delay.o
LOAD Out/nic.o
LOAD Out/UserIo.o
LOAD Out/ln_buf.o
LOAD Out/ln_sw_uart.o
LOAD Out/ln_interface.o
LOAD Out/TcpIp.o
LOAD c:/winavr-20100110/bin/../lib/gcc/avr/4.3.3/avr5\libgcc.a
LOAD c:/winavr-20100110/bin/../lib/gcc/avr/4.3.3/../../../../avr/lib/avr5\libc.a
LOAD c:/winavr-20100110/bin/../lib/gcc/avr/4.3.3/avr5\libgcc.a

.hash
 *(.hash)

.dynsym
 *(.dynsym)

.dynstr
 *(.dynstr)

.gnu.version
 *(.gnu.version)

.gnu.version_d
 *(.gnu.version_d)

.gnu.version_r
 *(.gnu.version_r)

.rel.init
 *(.rel.init)

.rela.init
 *(.rela.init)

.rel.text
 *(.rel.text)
 *(.rel.text.*)
 *(.rel.gnu.linkonce.t*)

.rela.text
 *(.rela.text)
 *(.rela.text.*)
 *(.rela.gnu.linkonce.t*)

.rel.fini
 *(.rel.fini)

.rela.fini
 *(.rela.fini)

.rel.rodata
 *(.rel.rodata)
 *(.rel.rodata.*)
 *(.rel.gnu.linkonce.r*)

.rela.rodata
 *(.rela.rodata)
 *(.rela.rodata.*)
 *(.rela.gnu.linkonce.r*)

.rel.data
 *(.rel.data)
 *(.rel.data.*)
 *(.rel.gnu.linkonce.d*)

.rela.data
 *(.rela.data)
 *(.rela.data.*)
 *(.rela.gnu.linkonce.d*)

.rel.ctors
 *(.rel.ctors)

.rela.ctors
 *(.rela.ctors)

.rel.dtors
 *(.rel.dtors)

.rela.dtors
 *(.rela.dtors)

.rel.got
 *(.rel.got)

.rela.got
 *(.rela.got)

.rel.bss
 *(.rel.bss)

.rela.bss
 *(.rela.bss)

.rel.plt
 *(.rel.plt)

.rela.plt
 *(.rela.plt)

.text           0x00000000     0x2a3c
 *(.vectors)
 .vectors       0x00000000       0x68 c:/winavr-20100110/bin/../lib/gcc/avr/4.3.3/../../../../avr/lib/avr5/crtm328p.o
                0x00000000                __vectors
                0x00000000                __vector_default
 *(.vectors)
 *(.progmem.gcc*)
 *(.progmem*)
                0x00000068                . = ALIGN (0x2)
                0x00000068                __trampolines_start = .
 *(.trampolines)
 .trampolines   0x00000068        0x0 linker stubs
 *(.trampolines*)
                0x00000068                __trampolines_end = .
 *(.jumptables)
 *(.jumptables*)
 *(.lowtext)
 *(.lowtext*)
                0x00000068                __ctors_start = .
 *(.ctors)
                0x00000068                __ctors_end = .
                0x00000068                __dtors_start = .
 *(.dtors)
                0x00000068                __dtors_end = .
 SORT(*)(.ctors)
 SORT(*)(.dtors)
 *(.init0)
 .init0         0x00000068        0x0 c:/winavr-20100110/bin/../lib/gcc/avr/4.3.3/../../../../avr/lib/avr5/crtm328p.o
                0x00000068                __init
 *(.init0)
 *(.init1)
 *(.init1)
 *(.init2)
 .init2         0x00000068        0xc c:/winavr-20100110/bin/../lib/gcc/avr/4.3.3/../../../../avr/lib/avr5/crtm328p.o
 *(.init2)
 *(.init3)
 *(.init3)
 *(.init4)
 .init4         0x00000074       0x16 c:/winavr-20100110/bin/../lib/gcc/avr/4.3.3/avr5\libgcc.a(_copy_data.o)
                0x00000074                __do_copy_data
 .init4         0x0000008a       0x10 c:/winavr-20100110/bin/../lib/gcc/avr/4.3.3/avr5\libgcc.a(_clear_bss.o)
                0x0000008a                __do_clear_bss
 *(.init4)
 *(.init5)
 *(.init5)
 *(.init6)
 *(.init6)
 *(.init7)
 *(.init7)
 *(.init8)
 *(.init8)
 *(.init9)
 .init9         0x0000009a        0x8 c:/winavr-20100110/bin/../lib/gcc/avr/4.3.3/../../../../avr/lib/avr5/crtm328p.o
 *(.init9)
 *(.text)
 .text          0x000000a2        0x4 c:/winavr-20100110/bin/../lib/gcc/avr/4.3.3/../../../../avr/lib/avr5/crtm328p.o
                0x000000a2                __vector_22
                0x000000a2                __vector_1
                0x000000a2                __vector_24
                0x000000a2                __vector_12
                0x000000a2                __bad_interrupt
                0x000000a2                __vector_6
                0x000000a2                __vector_3
                0x000000a2                __vector_23
                0x000000a2                __vector_25
                0x000000a2                __vector_13
                0x000000a2                __vector_17
                0x000000a2                __vector_19
                0x000000a2                __vector_7
                0x000000a2                __vector_5
                0x000000a2                __vector_4
                0x000000a2                __vector_9
                0x000000a2                __vector_2
                0x000000a2                __vector_21
                0x000000a2                __vector_15
                0x000000a2                __vector_8
                0x000000a2                __vector_14
                0x000000a2                __vector_18
                0x000000a2                __vector_20
 .text          0x000000a6        0x0 Out/Main.o
 .text          0x000000a6        0x0 Out/EthLocBuffer.o
 .text          0x000000a6        0x0 Out/enc28j60.o
 .text          0x000000a6        0x0 Out/uip.o
 .text          0x000000a6        0x0 Out/uip_arch.o
 .text          0x000000a6        0x0 Out/uip_arp.o
 .text          0x000000a6        0x0 Out/delay.o
 .text          0x000000a6        0x0 Out/nic.o
 .text          0x000000a6        0x0 Out/UserIo.o
 .text          0x000000a6        0x0 Out/ln_buf.o
 .text          0x000000a6        0x0 Out/ln_sw_uart.o
 .text          0x000000a6        0x0 Out/ln_interface.o
 .text          0x000000a6        0x0 Out/TcpIp.o
 .text          0x000000a6        0x0 c:/winavr-20100110/bin/../lib/gcc/avr/4.3.3/avr5\libgcc.a(_exit.o)
 .text          0x000000a6        0x0 c:/winavr-20100110/bin/../lib/gcc/avr/4.3.3/avr5\libgcc.a(_copy_data.o)
 .text          0x000000a6        0x0 c:/winavr-20100110/bin/../lib/gcc/avr/4.3.3/avr5\libgcc.a(_clear_bss.o)
 .text          0x000000a6        0x0 c:/winavr-20100110/bin/../lib/gcc/avr/4.3.3/../../../../avr/lib/avr5\libc.a(memcpy.o)
 .text          0x000000a6        0x0 c:/winavr-20100110/bin/../lib/gcc/avr/4.3.3/../../../../avr/lib/avr5\libc.a(memset.o)
 .text          0x000000a6        0x0 c:/winavr-20100110/bin/../lib/gcc/avr/4.3.3/../../../../avr/lib/avr5\libc.a(eerd_byte_atmega328p.o)
                0x000000a6                . = ALIGN (0x2)
 *(.text.*)
 .text.main     0x000000a6       0x3e Out/Main.o
                0x000000a6                main
 .text.EthLocBufferTcpRcvEthernet
                0x000000e4      0x1a8 Out/EthLocBuffer.o
                0x000000e4                EthLocBufferTcpRcvEthernet
 .text.EthLocBufferInit
                0x0000028c       0x20 Out/EthLocBuffer.o
                0x0000028c                EthLocBufferInit
 .text.EthLocBufferProcessLoconet
                0x000002ac       0x98 Out/EthLocBuffer.o
                0x000002ac                EthLocBufferProcessLoconet
 .text.EthLocBufferMain
                0x00000344        0x6 Out/EthLocBuffer.o
                0x00000344                EthLocBufferMain
 .text.enc28j60ReadOp
                0x0000034a       0x30 Out/enc28j60.o
                0x0000034a                enc28j60ReadOp
 .text.enc28j60WriteOp
                0x0000037a       0x1a Out/enc28j60.o
                0x0000037a                enc28j60WriteOp
 .text.enc28j60ReadBuffer
                0x00000394       0x30 Out/enc28j60.o
                0x00000394                enc28j60ReadBuffer
 .text.enc28j60WriteBuffer
                0x000003c4       0x2c Out/enc28j60.o
                0x000003c4                enc28j60WriteBuffer
 .text.enc28j60SetBank
                0x000003f0       0x52 Out/enc28j60.o
                0x000003f0                enc28j60SetBank
 .text.enc28j60Read
                0x00000442       0x14 Out/enc28j60.o
                0x00000442                enc28j60Read
 .text.enc28j60Write
                0x00000456       0x1c Out/enc28j60.o
                0x00000456                enc28j60Write
 .text.nicSetMacAddress
                0x00000472       0x72 Out/enc28j60.o
                0x00000472                nicSetMacAddress
 .text.enc28j60PhyRead
                0x000004e4       0x46 Out/enc28j60.o
                0x000004e4                enc28j60PhyRead
 .text.enc28j60PhyWrite
                0x0000052a       0x32 Out/enc28j60.o
                0x0000052a                enc28j60PhyWrite
 .text.enc28j60Init
                0x0000055c      0x12c Out/enc28j60.o
                0x0000055c                enc28j60Init
 .text.enc28j60BeginPacketSend
                0x00000688        0x2 Out/enc28j60.o
                0x00000688                enc28j60BeginPacketSend
 .text.enc28j60PacketSend
                0x0000068a       0x88 Out/enc28j60.o
                0x0000068a                enc28j60PacketSend
 .text.enc28j60EndPacketSend
                0x00000712        0x2 Out/enc28j60.o
                0x00000712                enc28j60EndPacketSend
 .text.enc28j60PacketSend2
                0x00000714       0xa4 Out/enc28j60.o
                0x00000714                enc28j60PacketSend2
 .text.enc28j60BeginPacketReceive
                0x000007b8       0x92 Out/enc28j60.o
                0x000007b8                enc28j60BeginPacketReceive
 .text.enc28j60PacketReceive
                0x0000084a        0xc Out/enc28j60.o
                0x0000084a                enc28j60PacketReceive
 .text.enc28j60EndPacketReceive
                0x00000856       0x20 Out/enc28j60.o
                0x00000856                enc28j60EndPacketReceive
 .text.enc28j60ReceiveOverflowRecover
                0x00000876        0x2 Out/enc28j60.o
                0x00000876                enc28j60ReceiveOverflowRecover
 .text.enc28j60RegDump
                0x00000878        0x2 Out/enc28j60.o
                0x00000878                enc28j60RegDump
 .text.uip_init
                0x0000087a       0xac Out/uip.o
                0x0000087a                uip_init
 .text.uip_unlisten
                0x00000926       0x5c Out/uip.o
                0x00000926                uip_unlisten
 .text.uip_listen
                0x00000982       0x56 Out/uip.o
                0x00000982                uip_listen
 .text.htons    0x000009d8        0x8 Out/uip.o
                0x000009d8                htons
 .text.uip_add_rcv_nxt
                0x000009e0       0x32 Out/uip.o
 .text.uip_process
                0x00000a12      0xb7c Out/uip.o
                0x00000a12                uip_process
 .text.uip_add32
                0x0000158e       0x8a Out/uip_arch.o
                0x0000158e                uip_add32
 .text.uip_chksum
                0x00001618       0xa2 Out/uip_arch.o
                0x00001618                uip_chksum
 .text.uip_ipchksum
                0x000016ba        0xe Out/uip_arch.o
                0x000016ba                uip_ipchksum
 .text.uip_tcpchksum
                0x000016c8       0xec Out/uip_arch.o
                0x000016c8                uip_tcpchksum
 .text.uip_arp_timer
                0x000017b4       0x64 Out/uip_arp.o
                0x000017b4                uip_arp_timer
 .text.uip_arp_init
                0x00001818       0x28 Out/uip_arp.o
                0x00001818                uip_arp_init
 .text.uip_arp_out
                0x00001840      0x1e0 Out/uip_arp.o
                0x00001840                uip_arp_out
 .text.uip_arp_update
                0x00001a20      0x128 Out/uip_arp.o
 .text.uip_arp_ipin
                0x00001b48       0x6a Out/uip_arp.o
                0x00001b48                uip_arp_ipin
 .text.uip_arp_arpin
                0x00001bb2      0x154 Out/uip_arp.o
                0x00001bb2                uip_arp_arpin
 .text.delay_ms
                0x00001d06       0x12 Out/delay.o
                0x00001d06                delay_ms
 .text.nic_poll
                0x00001d18       0x36 Out/nic.o
                0x00001d18                nic_poll
 .text.nic_send
                0x00001d4e       0x40 Out/nic.o
                0x00001d4e                nic_send
 .text.nic_init
                0x00001d8e        0x6 Out/nic.o
                0x00001d8e                nic_init
 .text.UserIoInit
                0x00001d94       0x28 Out/UserIo.o
                0x00001d94                UserIoInit
 .text.UserIoGetJumperStatus
                0x00001dbc       0x2e Out/UserIo.o
                0x00001dbc                UserIoGetJumperStatus
 .text.UserIoMain
                0x00001dea       0x8e Out/UserIo.o
                0x00001dea                UserIoMain
 .text.UserIoSetLed
                0x00001e78       0xb2 Out/UserIo.o
                0x00001e78                UserIoSetLed
 .text.UserIoIpSettingsGet
                0x00001f2a      0x19e Out/UserIo.o
                0x00001f2a                UserIoIpSettingsGet
 .text.getLnBufStats
                0x000020c8        0x6 Out/ln_buf.o
                0x000020c8                getLnBufStats
 .text.getLnMsgSize
                0x000020ce       0x2a Out/ln_buf.o
                0x000020ce                getLnMsgSize
 .text.recvLnMsg
                0x000020f8      0x258 Out/ln_buf.o
                0x000020f8                recvLnMsg
 .text.initLnBuf
                0x00002350       0x14 Out/ln_buf.o
                0x00002350                initLnBuf
 .text.__vector_10
                0x00002364       0x64 Out/ln_sw_uart.o
                0x00002364                __vector_10
 .text.__vector_11
                0x000023c8      0x222 Out/ln_sw_uart.o
                0x000023c8                __vector_11
 .text.initLocoNetHardware
                0x000025ea       0x2e Out/ln_sw_uart.o
                0x000025ea                initLocoNetHardware
 .text.sendLocoNetPacketTry
                0x00002618      0x162 Out/ln_sw_uart.o
                0x00002618                sendLocoNetPacketTry
 .text.sendLocoNet4BytePacketTry
                0x0000277a       0x36 Out/ln_interface.o
                0x0000277a                sendLocoNet4BytePacketTry
 .text.sendLocoNetPacket
                0x000027b0       0x60 Out/ln_interface.o
                0x000027b0                sendLocoNetPacket
 .text.sendLocoNet4BytePacket
                0x00002810       0x34 Out/ln_interface.o
                0x00002810                sendLocoNet4BytePacket
 .text.recvLocoNetPacket
                0x00002844        0xe Out/ln_interface.o
                0x00002844                recvLocoNetPacket
 .text.initLocoNet
                0x00002852        0xe Out/ln_interface.o
                0x00002852                initLocoNet
 .text.__vector_16
                0x00002860       0x24 Out/TcpIp.o
                0x00002860                __vector_16
 .text.TcpIpMain
                0x00002884       0xee Out/TcpIp.o
                0x00002884                TcpIpMain
 .text.TcpIpInit
                0x00002972       0x96 Out/TcpIp.o
                0x00002972                TcpIpInit
 .text.libgcc   0x00002a08        0x0 c:/winavr-20100110/bin/../lib/gcc/avr/4.3.3/avr5\libgcc.a(_exit.o)
 .text.libgcc   0x00002a08        0x0 c:/winavr-20100110/bin/../lib/gcc/avr/4.3.3/avr5\libgcc.a(_copy_data.o)
 .text.libgcc   0x00002a08        0x0 c:/winavr-20100110/bin/../lib/gcc/avr/4.3.3/avr5\libgcc.a(_clear_bss.o)
 .text.avr-libc
                0x00002a08       0x12 c:/winavr-20100110/bin/../lib/gcc/avr/4.3.3/../../../../avr/lib/avr5\libc.a(memcpy.o)
                0x00002a08                memcpy
 .text.avr-libc
                0x00002a1a        0xe c:/winavr-20100110/bin/../lib/gcc/avr/4.3.3/../../../../avr/lib/avr5\libc.a(memset.o)
                0x00002a1a                memset
 .text.avr-libc
                0x00002a28       0x10 c:/winavr-20100110/bin/../lib/gcc/avr/4.3.3/../../../../avr/lib/avr5\libc.a(eerd_byte_atmega328p.o)
                0x00002a28                __eerd_byte_m328p
                0x00002a38                . = ALIGN (0x2)
 *(.fini9)
 .fini9         0x00002a38        0x0 c:/winavr-20100110/bin/../lib/gcc/avr/4.3.3/avr5\libgcc.a(_exit.o)
                0x00002a38                exit
                0x00002a38                _exit
 *(.fini9)
 *(.fini8)
 *(.fini8)
 *(.fini7)
 *(.fini7)
 *(.fini6)
 *(.fini6)
 *(.fini5)
 *(.fini5)
 *(.fini4)
 *(.fini4)
 *(.fini3)
 *(.fini3)
 *(.fini2)
 *(.fini2)
 *(.fini1)
 *(.fini1)
 *(.fini0)
 .fini0         0x00002a38        0x4 c:/winavr-20100110/bin/../lib/gcc/avr/4.3.3/avr5\libgcc.a(_exit.o)
 *(.fini0)
                0x00002a3c                _etext = .

.data           0x00800100        0x6 load address 0x00002a3c
                0x00800100                PROVIDE (__data_start, .)
 *(.data)
 .data          0x00800100        0x0 c:/winavr-20100110/bin/../lib/gcc/avr/4.3.3/../../../../avr/lib/avr5/crtm328p.o
 .data          0x00800100        0x0 Out/Main.o
 .data          0x00800100        0x0 Out/EthLocBuffer.o
 .data          0x00800100        0x0 Out/enc28j60.o
 .data          0x00800100        0x0 Out/uip.o
 .data          0x00800100        0x0 Out/uip_arch.o
 .data          0x00800100        0x0 Out/uip_arp.o
 .data          0x00800100        0x0 Out/delay.o
 .data          0x00800100        0x0 Out/nic.o
 .data          0x00800100        0x0 Out/UserIo.o
 .data          0x00800100        0x0 Out/ln_buf.o
 .data          0x00800100        0x0 Out/ln_sw_uart.o
 .data          0x00800100        0x0 Out/ln_interface.o
 .data          0x00800100        0x0 Out/TcpIp.o
 .data          0x00800100        0x0 c:/winavr-20100110/bin/../lib/gcc/avr/4.3.3/avr5\libgcc.a(_exit.o)
 .data          0x00800100        0x0 c:/winavr-20100110/bin/../lib/gcc/avr/4.3.3/avr5\libgcc.a(_copy_data.o)
 .data          0x00800100        0x0 c:/winavr-20100110/bin/../lib/gcc/avr/4.3.3/avr5\libgcc.a(_clear_bss.o)
 .data          0x00800100        0x0 c:/winavr-20100110/bin/../lib/gcc/avr/4.3.3/../../../../avr/lib/avr5\libc.a(memcpy.o)
 .data          0x00800100        0x0 c:/winavr-20100110/bin/../lib/gcc/avr/4.3.3/../../../../avr/lib/avr5\libc.a(memset.o)
 .data          0x00800100        0x0 c:/winavr-20100110/bin/../lib/gcc/avr/4.3.3/../../../../avr/lib/avr5\libc.a(eerd_byte_atmega328p.o)
 *(.data*)
 .data.uip_ethaddr
                0x00800100        0x6 Out/uip_arp.o
                0x00800100                uip_ethaddr
 *(.rodata)
 *(.rodata*)
 *(.gnu.linkonce.d*)
                0x00800106                . = ALIGN (0x2)
                0x00800106                _edata = .
                0x00800106                PROVIDE (__data_end, .)

.bss            0x00800106      0x27f
                0x00800106                PROVIDE (__bss_start, .)
 *(.bss)
 .bss           0x00800106        0x0 c:/winavr-20100110/bin/../lib/gcc/avr/4.3.3/../../../../avr/lib/avr5/crtm328p.o
 .bss           0x00800106        0x0 Out/Main.o
 .bss           0x00800106        0x0 Out/EthLocBuffer.o
 .bss           0x00800106        0x0 Out/enc28j60.o
 .bss           0x00800106        0x0 Out/uip.o
 .bss           0x00800106        0x0 Out/uip_arch.o
 .bss           0x00800106        0x0 Out/uip_arp.o
 .bss           0x00800106        0x0 Out/delay.o
 .bss           0x00800106        0x0 Out/nic.o
 .bss           0x00800106        0x0 Out/UserIo.o
 .bss           0x00800106        0x0 Out/ln_buf.o
 .bss           0x00800106        0x0 Out/ln_sw_uart.o
 .bss           0x00800106        0x0 Out/ln_interface.o
 .bss           0x00800106        0x0 Out/TcpIp.o
 .bss           0x00800106        0x0 c:/winavr-20100110/bin/../lib/gcc/avr/4.3.3/avr5\libgcc.a(_exit.o)
 .bss           0x00800106        0x0 c:/winavr-20100110/bin/../lib/gcc/avr/4.3.3/avr5\libgcc.a(_copy_data.o)
 .bss           0x00800106        0x0 c:/winavr-20100110/bin/../lib/gcc/avr/4.3.3/avr5\libgcc.a(_clear_bss.o)
 .bss           0x00800106        0x0 c:/winavr-20100110/bin/../lib/gcc/avr/4.3.3/../../../../avr/lib/avr5\libc.a(memcpy.o)
 .bss           0x00800106        0x0 c:/winavr-20100110/bin/../lib/gcc/avr/4.3.3/../../../../avr/lib/avr5\libc.a(memset.o)
 .bss           0x00800106        0x0 c:/winavr-20100110/bin/../lib/gcc/avr/4.3.3/../../../../avr/lib/avr5\libc.a(eerd_byte_atmega328p.o)
 *(.bss*)
 .bss.EthLocBufferLocoNet
                0x00800106      0x10a Out/EthLocBuffer.o
 .bss.EthLocBufferTcpContinue
                0x00800210        0x1 Out/EthLocBuffer.o
 .bss.EthLocBufferTcpIpRocRail
                0x00800211        0x1 Out/EthLocBuffer.o
 .bss.EthLocBufferTcpLoconetData
                0x00800212       0x10 Out/EthLocBuffer.o
 .bss.EthLocBufferUipTimerCounter
                0x00800222        0x1 Out/EthLocBuffer.o
 .bss.EthLocBufferUipArpTimerCounter
                0x00800223        0x1 Out/EthLocBuffer.o
 .bss.EthLocBufferTcpLoconetDataLength
                0x00800224        0x1 Out/EthLocBuffer.o
 .bss.ipid      0x00800225        0x2 Out/uip.o
 .bss.iss       0x00800227        0x4 Out/uip.o
 .bss.c         0x0080022b        0x1 Out/uip.o
 .bss.opt       0x0080022c        0x1 Out/uip.o
 .bss.tmp16     0x0080022d        0x2 Out/uip.o
 .bss.arp_table
                0x0080022f       0x2c Out/uip_arp.o
 .bss.ipaddr    0x0080025b        0x4 Out/uip_arp.o
 .bss.i         0x0080025f        0x1 Out/uip_arp.o
 .bss.c         0x00800260        0x1 Out/uip_arp.o
 .bss.arptime   0x00800261        0x1 Out/uip_arp.o
 .bss.tmpage    0x00800262        0x1 Out/uip_arp.o
 .bss.pstLnRxBuffer
                0x00800263        0x2 Out/ln_interface.o
 *(COMMON)
 COMMON         0x00800265        0x3 Out/enc28j60.o
                0x00800265                NextPacketPtr
                0x00800267                Enc28j60Bank
 COMMON         0x00800268      0x108 Out/uip.o
                0x00800268                uip_len
                0x0080026a                uip_sappdata
                0x0080026c                uip_acc32
                0x00800270                uip_flags
                0x00800271                uip_appdata
                0x00800273                uip_conn
                0x00800275                uip_conns
                0x00800292                uip_arp_netmask
                0x00800296                uip_listenports
                0x0080029c                uip_hostaddr
                0x008002a0                uip_arp_draddr
                0x008002a4                uip_buf
                0x0080036e                uip_slen
 COMMON         0x00800370        0x6 Out/UserIo.o
                0x00800370                UserIoLedStat
 COMMON         0x00800376        0xc Out/ln_sw_uart.o
                0x00800376                lnTxSuccess
                0x00800377                lnTxIndex
                0x00800378                lnTxLength
                0x00800379                lnCurrentByte
                0x0080037a                lnCompareTarget
                0x0080037c                lnRxBuffer
                0x0080037e                lnState
                0x0080037f                lnBitCount
                0x00800380                lnTxData
 COMMON         0x00800382        0x3 Out/TcpIp.o
                0x00800382                TcpIpUipTimerCounter
                0x00800383                TcpIpUipArpTimerCounter
                0x00800385                PROVIDE (__bss_end, .)
                0x00002a3c                __data_load_start = LOADADDR (.data)
                0x00002a42                __data_load_end = (__data_load_start + SIZEOF (.data))

.noinit         0x00800385        0x0
                0x00800385                PROVIDE (__noinit_start, .)
 *(.noinit*)
                0x00800385                PROVIDE (__noinit_end, .)
                0x00800385                _end = .
                0x00800385                PROVIDE (__heap_start, .)

.eeprom         0x00810000        0x0
 *(.eeprom*)
                0x00810000                __eeprom_end = .

.fuse
 *(.fuse)
 *(.lfuse)
 *(.hfuse)
 *(.efuse)

.lock
 *(.lock*)

.signature
 *(.signature*)

.stab
 *(.stab)

.stabstr
 *(.stabstr)

.stab.excl
 *(.stab.excl)

.stab.exclstr
 *(.stab.exclstr)

.stab.index
 *(.stab.index)

.stab.indexstr
 *(.stab.indexstr)

.comment
 *(.comment)

.debug
 *(.debug)

.line
 *(.line)

.debug_srcinfo
 *(.debug_srcinfo)

.debug_sfnames
 *(.debug_sfnames)

.debug_aranges  0x00000000      0x348
 *(.debug_aranges)
 .debug_aranges
                0x00000000       0x20 Out/Main.o
 .debug_aranges
                0x00000020       0x38 Out/EthLocBuffer.o
 .debug_aranges
                0x00000058       0xb8 Out/enc28j60.o
 .debug_aranges
                0x00000110       0x48 Out/uip.o
 .debug_aranges
                0x00000158       0x38 Out/uip_arch.o
 .debug_aranges
                0x00000190       0x48 Out/uip_arp.o
 .debug_aranges
                0x000001d8       0x20 Out/delay.o
 .debug_aranges
                0x000001f8       0x30 Out/nic.o
 .debug_aranges
                0x00000228       0x40 Out/UserIo.o
 .debug_aranges
                0x00000268       0x38 Out/ln_buf.o
 .debug_aranges
                0x000002a0       0x38 Out/ln_sw_uart.o
 .debug_aranges
                0x000002d8       0x40 Out/ln_interface.o
 .debug_aranges
                0x00000318       0x30 Out/TcpIp.o

.debug_pubnames
                0x00000000      0x799
 *(.debug_pubnames)
 .debug_pubnames
                0x00000000       0x1b Out/Main.o
 .debug_pubnames
                0x0000001b       0x7a Out/EthLocBuffer.o
 .debug_pubnames
                0x00000095      0x203 Out/enc28j60.o
 .debug_pubnames
                0x00000298      0x122 Out/uip.o
 .debug_pubnames
                0x000003ba       0x52 Out/uip_arch.o
 .debug_pubnames
                0x0000040c       0x78 Out/uip_arp.o
 .debug_pubnames
                0x00000484       0x1f Out/delay.o
 .debug_pubnames
                0x000004a3       0x39 Out/nic.o
 .debug_pubnames
                0x000004dc       0x85 Out/UserIo.o
 .debug_pubnames
                0x00000561       0x51 Out/ln_buf.o
 .debug_pubnames
                0x000005b2       0xed Out/ln_sw_uart.o
 .debug_pubnames
                0x0000069f       0x87 Out/ln_interface.o
 .debug_pubnames
                0x00000726       0x73 Out/TcpIp.o

.debug_info     0x00000000     0x5e51
 *(.debug_info)
 .debug_info    0x00000000      0x15c Out/Main.o
 .debug_info    0x0000015c     0x1140 Out/EthLocBuffer.o
 .debug_info    0x0000129c      0x4fb Out/enc28j60.o
 .debug_info    0x00001797      0x7c1 Out/uip.o
 .debug_info    0x00001f58      0x315 Out/uip_arch.o
 .debug_info    0x0000226d      0x45a Out/uip_arp.o
 .debug_info    0x000026c7       0x7a Out/delay.o
 .debug_info    0x00002741      0x120 Out/nic.o
 .debug_info    0x00002861      0x324 Out/UserIo.o
 .debug_info    0x00002b85      0xf52 Out/ln_buf.o
 .debug_info    0x00003ad7     0x1049 Out/ln_sw_uart.o
 .debug_info    0x00004b20     0x1008 Out/ln_interface.o
 .debug_info    0x00005b28      0x329 Out/TcpIp.o
 *(.gnu.linkonce.wi.*)

.debug_abbrev   0x00000000     0x113c
 *(.debug_abbrev)
 .debug_abbrev  0x00000000       0xc0 Out/Main.o
 .debug_abbrev  0x000000c0      0x1e5 Out/EthLocBuffer.o
 .debug_abbrev  0x000002a5      0x1c3 Out/enc28j60.o
 .debug_abbrev  0x00000468      0x1b8 Out/uip.o
 .debug_abbrev  0x00000620      0x132 Out/uip_arch.o
 .debug_abbrev  0x00000752      0x17c Out/uip_arp.o
 .debug_abbrev  0x000008ce       0x63 Out/delay.o
 .debug_abbrev  0x00000931       0xb2 Out/nic.o
 .debug_abbrev  0x000009e3      0x15b Out/UserIo.o
 .debug_abbrev  0x00000b3e      0x172 Out/ln_buf.o
 .debug_abbrev  0x00000cb0      0x1d7 Out/ln_sw_uart.o
 .debug_abbrev  0x00000e87      0x18d Out/ln_interface.o
 .debug_abbrev  0x00001014      0x128 Out/TcpIp.o

.debug_line     0x00000000     0x2e89
 *(.debug_line)
 .debug_line    0x00000000      0x161 Out/Main.o
 .debug_line    0x00000161      0x39e Out/EthLocBuffer.o
 .debug_line    0x000004ff      0x7b3 Out/enc28j60.o
 .debug_line    0x00000cb2      0xb7c Out/uip.o
 .debug_line    0x0000182e      0x23b Out/uip_arch.o
 .debug_line    0x00001a69      0x3b8 Out/uip_arp.o
 .debug_line    0x00001e21       0x77 Out/delay.o
 .debug_line    0x00001e98      0x114 Out/nic.o
 .debug_line    0x00001fac      0x3e9 Out/UserIo.o
 .debug_line    0x00002395      0x272 Out/ln_buf.o
 .debug_line    0x00002607      0x494 Out/ln_sw_uart.o
 .debug_line    0x00002a9b      0x1ce Out/ln_interface.o
 .debug_line    0x00002c69      0x220 Out/TcpIp.o

.debug_frame    0x00000000      0x4f0
 *(.debug_frame)
 .debug_frame   0x00000000       0x20 Out/Main.o
 .debug_frame   0x00000020       0x50 Out/EthLocBuffer.o
 .debug_frame   0x00000070      0x150 Out/enc28j60.o
 .debug_frame   0x000001c0       0x70 Out/uip.o
 .debug_frame   0x00000230       0x50 Out/uip_arch.o
 .debug_frame   0x00000280       0x70 Out/uip_arp.o
 .debug_frame   0x000002f0       0x20 Out/delay.o
 .debug_frame   0x00000310       0x40 Out/nic.o
 .debug_frame   0x00000350       0x60 Out/UserIo.o
 .debug_frame   0x000003b0       0x50 Out/ln_buf.o
 .debug_frame   0x00000400       0x50 Out/ln_sw_uart.o
 .debug_frame   0x00000450       0x60 Out/ln_interface.o
 .debug_frame   0x000004b0       0x40 Out/TcpIp.o

.debug_str      0x00000000     0x1125
 *(.debug_str)
 .debug_str     0x00000000      0x143 Out/Main.o
                                0x177 (size before relaxing)
 .debug_str     0x00000143      0x5e1 Out/EthLocBuffer.o
                                0x738 (size before relaxing)
 .debug_str     0x00000724      0x1fc Out/enc28j60.o
                                0x2e4 (size before relaxing)
 .debug_str     0x00000920      0x245 Out/uip.o
                                0x3eb (size before relaxing)
 .debug_str     0x00000b65       0x5c Out/uip_arch.o
                                0x19b (size before relaxing)
 .debug_str     0x00000bc1      0x10e Out/uip_arp.o
                                0x25d (size before relaxing)
 .debug_str     0x00000ccf       0x20 Out/delay.o
                                 0x70 (size before relaxing)
 .debug_str     0x00000cef       0x2d Out/nic.o
                                0x101 (size before relaxing)
 .debug_str     0x00000d1c      0x18c Out/UserIo.o
                                0x2cd (size before relaxing)
 .debug_str     0x00000ea8       0x7a Out/ln_buf.o
                                0x4ba (size before relaxing)
 .debug_str     0x00000f22       0xe5 Out/ln_sw_uart.o
                                0x5aa (size before relaxing)
 .debug_str     0x00001007       0xc5 Out/ln_interface.o
                                0x59c (size before relaxing)
 .debug_str     0x000010cc       0x59 Out/TcpIp.o
                                0x1d2 (size before relaxing)

.debug_loc      0x00000000      0xf07
 *(.debug_loc)
 .debug_loc     0x00000000       0x18 Out/Main.o
 .debug_loc     0x00000018       0xee Out/EthLocBuffer.o
 .debug_loc     0x00000106      0x3e8 Out/enc28j60.o
 .debug_loc     0x000004ee      0x1ae Out/uip.o
 .debug_loc     0x0000069c      0x1b0 Out/uip_arch.o
 .debug_loc     0x0000084c      0x100 Out/uip_arp.o
 .debug_loc     0x0000094c       0x58 Out/nic.o
 .debug_loc     0x000009a4      0x1ae Out/UserIo.o
 .debug_loc     0x00000b52      0x158 Out/ln_buf.o
 .debug_loc     0x00000caa       0xfa Out/ln_sw_uart.o
 .debug_loc     0x00000da4      0x163 Out/ln_interface.o

.debug_macinfo
 *(.debug_macinfo)
OUTPUT(Out/MGV101.out elf32-avr)
LOAD linker stubs

.debug_ranges   0x00000000      0x2f8
 .debug_ranges  0x00000000       0x18 Out/Main.o
 .debug_ranges  0x00000018       0x48 Out/EthLocBuffer.o
 .debug_ranges  0x00000060       0xb0 Out/enc28j60.o
 .debug_ranges  0x00000110       0x40 Out/uip.o
 .debug_ranges  0x00000150       0x30 Out/uip_arch.o
 .debug_ranges  0x00000180       0x40 Out/uip_arp.o
 .debug_ranges  0x000001c0       0x18 Out/delay.o
 .debug_ranges  0x000001d8       0x28 Out/nic.o
 .debug_ranges  0x00000200       0x38 Out/UserIo.o
 .debug_ranges  0x00000238       0x30 Out/ln_buf.o
 .debug_ranges  0x00000268       0x30 Out/ln_sw_uart.o
 .debug_ranges  0x00000298       0x38 Out/ln_interface.o
 .debug_ranges  0x000002d0       0x28 Out/TcpIp.o
